Archive member included because of file (symbol)

c:/program files (x86)/simpleide/propeller-gcc/bin/../lib/gcc/propeller-elf/4.6.1/../../../../propeller-elf/lib/cmm/short-doubles\libm.a(e_acosf.o)
                              cmm/kin.o (_acos)
c:/program files (x86)/simpleide/propeller-gcc/bin/../lib/gcc/propeller-elf/4.6.1/../../../../propeller-elf/lib/cmm/short-doubles\libm.a(e_atan2f.o)
                              cmm/kin.o (_atan2)
c:/program files (x86)/simpleide/propeller-gcc/bin/../lib/gcc/propeller-elf/4.6.1/../../../../propeller-elf/lib/cmm/short-doubles\libm.a(e_sqrtf.o)
                              c:/program files (x86)/simpleide/propeller-gcc/bin/../lib/gcc/propeller-elf/4.6.1/../../../../propeller-elf/lib/cmm/short-doubles\libm.a(e_acosf.o) (_sqrtf)
c:/program files (x86)/simpleide/propeller-gcc/bin/../lib/gcc/propeller-elf/4.6.1/../../../../propeller-elf/lib/cmm/short-doubles\libm.a(s_atanf.o)
                              c:/program files (x86)/simpleide/propeller-gcc/bin/../lib/gcc/propeller-elf/4.6.1/../../../../propeller-elf/lib/cmm/short-doubles\libm.a(e_atan2f.o) (_atanf)
c:/program files (x86)/simpleide/propeller-gcc/bin/../lib/gcc/propeller-elf/4.6.1/../../../../propeller-elf/lib/cmm/short-doubles\libm.a(s_cexpf.o)
                              cmm/kin.o (_cexp)
c:/program files (x86)/simpleide/propeller-gcc/bin/../lib/gcc/propeller-elf/4.6.1/../../../../propeller-elf/lib/cmm/short-doubles\libm.a(k_sincosf.o)
                              c:/program files (x86)/simpleide/propeller-gcc/bin/../lib/gcc/propeller-elf/4.6.1/../../../../propeller-elf/lib/cmm/short-doubles\libm.a(s_cexpf.o) (___sincosf)
c:/program files (x86)/simpleide/propeller-gcc/bin/../lib/gcc/propeller-elf/4.6.1/../../../../propeller-elf/lib/cmm/short-doubles\libm.a(e_expf.o)
                              c:/program files (x86)/simpleide/propeller-gcc/bin/../lib/gcc/propeller-elf/4.6.1/../../../../propeller-elf/lib/cmm/short-doubles\libm.a(s_cexpf.o) (_expf)
c:/program files (x86)/simpleide/propeller-gcc/bin/../lib/gcc/propeller-elf/4.6.1/../../../../propeller-elf/lib/cmm/short-doubles\libm.a(e_rem_pio2f.o)
                              c:/program files (x86)/simpleide/propeller-gcc/bin/../lib/gcc/propeller-elf/4.6.1/../../../../propeller-elf/lib/cmm/short-doubles\libm.a(k_sincosf.o) (___ieee754_rem_pio2f)
c:/program files (x86)/simpleide/propeller-gcc/bin/../lib/gcc/propeller-elf/4.6.1/../../../../propeller-elf/lib/cmm/short-doubles\libm.a(k_rem_pio2f.o)
                              c:/program files (x86)/simpleide/propeller-gcc/bin/../lib/gcc/propeller-elf/4.6.1/../../../../propeller-elf/lib/cmm/short-doubles\libm.a(e_rem_pio2f.o) (___kernel_rem_pio2f)
c:/program files (x86)/simpleide/propeller-gcc/bin/../lib/gcc/propeller-elf/4.6.1/../../../../propeller-elf/lib/cmm/short-doubles\libm.a(s_floorf.o)
                              c:/program files (x86)/simpleide/propeller-gcc/bin/../lib/gcc/propeller-elf/4.6.1/../../../../propeller-elf/lib/cmm/short-doubles\libm.a(k_rem_pio2f.o) (_floorf)
c:/program files (x86)/simpleide/propeller-gcc/bin/../lib/gcc/propeller-elf/4.6.1/../../../../propeller-elf/lib/cmm/short-doubles\libm.a(s_scalbnf.o)
                              c:/program files (x86)/simpleide/propeller-gcc/bin/../lib/gcc/propeller-elf/4.6.1/../../../../propeller-elf/lib/cmm/short-doubles\libm.a(k_rem_pio2f.o) (_scalbnf)
D:/Files/Documents/Cansat/Code/SimpleIDE/Learn/Simple Libraries/Utility/libsimpletools/cmm/\libsimpletools.a(getStates.o)
                              cmm/decoder.o (_get_states)
D:/Files/Documents/Cansat/Code/SimpleIDE/Learn/Simple Libraries/Utility/libsimpletools/cmm/\libsimpletools.a(high.o)
                              cmm/motor.o (_high)
D:/Files/Documents/Cansat/Code/SimpleIDE/Learn/Simple Libraries/Utility/libsimpletools/cmm/\libsimpletools.a(low.o)
                              cmm/motor.o (_low)
D:/Files/Documents/Cansat/Code/SimpleIDE/Learn/Simple Libraries/Utility/libsimpletools/cmm/\libsimpletools.a(pause.o)
                              C:\Users\Jonas\AppData\Local\Temp\ccebsUjB.o (_pause)
D:/Files/Documents/Cansat/Code/SimpleIDE/Learn/Simple Libraries/Utility/libsimpletools/cmm/\libsimpletools.a(pwm.o)
                              cmm/motor.o (_pwm_start)
D:/Files/Documents/Cansat/Code/SimpleIDE/Learn/Simple Libraries/Utility/libsimpletools/cmm/\libsimpletools.a(setDirection.o)
                              cmm/decoder.o (_set_direction)
D:/Files/Documents/Cansat/Code/SimpleIDE/Learn/Simple Libraries/Utility/libsimpletools/cmm/\libsimpletools.a(timeTicks.o)
                              D:/Files/Documents/Cansat/Code/SimpleIDE/Learn/Simple Libraries/Utility/libsimpletools/cmm/\libsimpletools.a(pwm.o) (_st_usTicks)
D:/Files/Documents/Cansat/Code/SimpleIDE/Learn/Simple Libraries/TextDevices/libsimpletext/cmm/\libsimpletext.a(print.o)
                              cmm/keyboard.o (_print)
D:/Files/Documents/Cansat/Code/SimpleIDE/Learn/Simple Libraries/TextDevices/libsimpletext/cmm/\libsimpletext.a(putStr.o)
                              D:/Files/Documents/Cansat/Code/SimpleIDE/Learn/Simple Libraries/TextDevices/libsimpletext/cmm/\libsimpletext.a(print.o) (_putStr)
D:/Files/Documents/Cansat/Code/SimpleIDE/Learn/Simple Libraries/TextDevices/libsimpletext/cmm/\libsimpletext.a(putChar.o)
                              D:/Files/Documents/Cansat/Code/SimpleIDE/Learn/Simple Libraries/TextDevices/libsimpletext/cmm/\libsimpletext.a(putStr.o) (_putChar)
D:/Files/Documents/Cansat/Code/SimpleIDE/Learn/Simple Libraries/TextDevices/libsimpletext/cmm/\libsimpletext.a(simpleterm.o)
                              D:/Files/Documents/Cansat/Code/SimpleIDE/Learn/Simple Libraries/TextDevices/libsimpletext/cmm/\libsimpletext.a(putChar.o) (_dport_ptr)
D:/Files/Documents/Cansat/Code/SimpleIDE/Learn/Simple Libraries/TextDevices/libsimpletext/cmm/\libsimpletext.a(dosprint.o)
                              D:/Files/Documents/Cansat/Code/SimpleIDE/Learn/Simple Libraries/TextDevices/libsimpletext/cmm/\libsimpletext.a(print.o) (__dosprnt)
D:/Files/Documents/Cansat/Code/SimpleIDE/Learn/Simple Libraries/TextDevices/libsimpletext/cmm/\libsimpletext.a(serial_open.o)
                              D:/Files/Documents/Cansat/Code/SimpleIDE/Learn/Simple Libraries/TextDevices/libsimpletext/cmm/\libsimpletext.a(simpleterm.o) (_serial_open)
D:/Files/Documents/Cansat/Code/SimpleIDE/Learn/Simple Libraries/TextDevices/libsimpletext/cmm/\libsimpletext.a(serial_rxtx.o)
                              D:/Files/Documents/Cansat/Code/SimpleIDE/Learn/Simple Libraries/TextDevices/libsimpletext/cmm/\libsimpletext.a(serial_open.o) (_serial_rxChar)
D:/Files/Documents/Cansat/Code/SimpleIDE/Learn/Simple Libraries/TextDevices/libsimpletext/cmm/\libsimpletext.a(dosput.o)
                              D:/Files/Documents/Cansat/Code/SimpleIDE/Learn/Simple Libraries/TextDevices/libsimpletext/cmm/\libsimpletext.a(dosprint.o) (_SPUTC)
D:/Files/Documents/Cansat/Code/SimpleIDE/Learn/Simple Libraries/TextDevices/libsimpletext/cmm/\libsimpletext.a(floatToString.o)
                              D:/Files/Documents/Cansat/Code/SimpleIDE/Learn/Simple Libraries/TextDevices/libsimpletext/cmm/\libsimpletext.a(dosprint.o) (_float2string)
D:/Files/Documents/Cansat/Code/SimpleIDE/Learn/Simple Libraries/Motor/libservo/cmm/\libservo.a(servo.o)
                              C:\Users\Jonas\AppData\Local\Temp\ccebsUjB.o (_servo_stop)
D:/Files/Documents/Cansat/Code/SimpleIDE/Learn/Simple Libraries/Utility/libsimpletools/cmm/\libsimpletools.a(getOutput.o)
                              D:/Files/Documents/Cansat/Code/SimpleIDE/Learn/Simple Libraries/Motor/libservo/cmm/\libservo.a(servo.o) (_get_output)
D:/Files/Documents/Cansat/Code/SimpleIDE/Learn/Simple Libraries/Utility/libsimpletools/cmm/\libsimpletools.a(input.o)
                              D:/Files/Documents/Cansat/Code/SimpleIDE/Learn/Simple Libraries/Motor/libservo/cmm/\libservo.a(servo.o) (_input)
c:/program files (x86)/simpleide/propeller-gcc/bin/../lib/gcc/propeller-elf/4.6.1/cmm/short-doubles\libgcc.a(addsf3.o)
                              cmm/keyboard.o (___addsf3)
c:/program files (x86)/simpleide/propeller-gcc/bin/../lib/gcc/propeller-elf/4.6.1/cmm/short-doubles\libgcc.a(divsf3.o)
                              cmm/kin.o (___divsf3)
c:/program files (x86)/simpleide/propeller-gcc/bin/../lib/gcc/propeller-elf/4.6.1/cmm/short-doubles\libgcc.a(eqsf2.o)
                              c:/program files (x86)/simpleide/propeller-gcc/bin/../lib/gcc/propeller-elf/4.6.1/../../../../propeller-elf/lib/cmm/short-doubles\libm.a(s_cexpf.o) (___eqsf2)
c:/program files (x86)/simpleide/propeller-gcc/bin/../lib/gcc/propeller-elf/4.6.1/cmm/short-doubles\libgcc.a(gesf2.o)
                              cmm/kin.o (___gesf2)
c:/program files (x86)/simpleide/propeller-gcc/bin/../lib/gcc/propeller-elf/4.6.1/cmm/short-doubles\libgcc.a(lesf2.o)
                              cmm/kin.o (___lesf2)
c:/program files (x86)/simpleide/propeller-gcc/bin/../lib/gcc/propeller-elf/4.6.1/cmm/short-doubles\libgcc.a(mulsf3.o)
                              cmm/keyboard.o (___mulsf3)
c:/program files (x86)/simpleide/propeller-gcc/bin/../lib/gcc/propeller-elf/4.6.1/cmm/short-doubles\libgcc.a(subsf3.o)
                              cmm/keyboard.o (___subsf3)
c:/program files (x86)/simpleide/propeller-gcc/bin/../lib/gcc/propeller-elf/4.6.1/cmm/short-doubles\libgcc.a(fixsfsi.o)
                              cmm/motor.o (_(float, int, long long, short, float, short, int))
c:/program files (x86)/simpleide/propeller-gcc/bin/../lib/gcc/propeller-elf/4.6.1/cmm/short-doubles\libgcc.a(fixunssfsi.o)
                              D:/Files/Documents/Cansat/Code/SimpleIDE/Learn/Simple Libraries/TextDevices/libsimpletext/cmm/\libsimpletext.a(floatToString.o) (___fixunssfsi)
c:/program files (x86)/simpleide/propeller-gcc/bin/../lib/gcc/propeller-elf/4.6.1/cmm/short-doubles\libgcc.a(floatsisf.o)
                              cmm/keyboard.o (___floatsisf)
c:/program files (x86)/simpleide/propeller-gcc/bin/../lib/gcc/propeller-elf/4.6.1/cmm/short-doubles\libgcc.a(floatunsisf.o)
                              D:/Files/Documents/Cansat/Code/SimpleIDE/Learn/Simple Libraries/TextDevices/libsimpletext/cmm/\libsimpletext.a(floatToString.o) (___floatunsisf)
c:/program files (x86)/simpleide/propeller-gcc/bin/../lib/gcc/propeller-elf/4.6.1/../../../../propeller-elf/lib/cmm/short-doubles\libc.a(malloc.o)
                              cmm/decoder.o (_malloc)
c:/program files (x86)/simpleide/propeller-gcc/bin/../lib/gcc/propeller-elf/4.6.1/../../../../propeller-elf/lib/cmm/short-doubles\libc.a(abort.o)
                              c:/program files (x86)/simpleide/propeller-gcc/bin/../lib/gcc/propeller-elf/4.6.1/cmm/short-doubles\libgcc.a(divsf3.o) (_abort)
c:/program files (x86)/simpleide/propeller-gcc/bin/../lib/gcc/propeller-elf/4.6.1/../../../../propeller-elf/lib/cmm/short-doubles\libc.a(ctype.o)
                              D:/Files/Documents/Cansat/Code/SimpleIDE/Learn/Simple Libraries/TextDevices/libsimpletext/cmm/\libsimpletext.a(dosprint.o) (___ctype)
c:/program files (x86)/simpleide/propeller-gcc/bin/../lib/gcc/propeller-elf/4.6.1/../../../../propeller-elf/lib/cmm/short-doubles\libc.a(tolower.o)
                              cmm/keyboard.o (_tolower)
c:/program files (x86)/simpleide/propeller-gcc/bin/../lib/gcc/propeller-elf/4.6.1/../../../../propeller-elf/lib/cmm/short-doubles\libc.a(sbrk.o)
                              c:/program files (x86)/simpleide/propeller-gcc/bin/../lib/gcc/propeller-elf/4.6.1/../../../../propeller-elf/lib/cmm/short-doubles\libc.a(malloc.o) (__hubsbrk)
c:/program files (x86)/simpleide/propeller-gcc/bin/../lib/gcc/propeller-elf/4.6.1/../../../../propeller-elf/lib/cmm/short-doubles\libc.a(thread.o)
                              c:/program files (x86)/simpleide/propeller-gcc/bin/../lib/gcc/propeller-elf/4.6.1/cmm/short-doubles/_crt0.o (__TLS)
c:/program files (x86)/simpleide/propeller-gcc/bin/../lib/gcc/propeller-elf/4.6.1/../../../../propeller-elf/lib/cmm/short-doubles\libc.a(cogstart.o)
                              cmm/decoder.o (_cogstart)
c:/program files (x86)/simpleide/propeller-gcc/bin/../lib/gcc/propeller-elf/4.6.1/../../../../propeller-elf/lib/cmm/short-doubles\libc.a(memcpy.o)
                              cmm/decoder.o (_memcpy)
c:/program files (x86)/simpleide/propeller-gcc/bin/../lib/gcc/propeller-elf/4.6.1/../../../../propeller-elf/lib/cmm/short-doubles\libc.a(memset.o)
                              c:/program files (x86)/simpleide/propeller-gcc/bin/../lib/gcc/propeller-elf/4.6.1/cmm/short-doubles/_crtbegin.o (_memset)
c:/program files (x86)/simpleide/propeller-gcc/bin/../lib/gcc/propeller-elf/4.6.1/../../../../propeller-elf/lib/cmm/short-doubles\libc.a(strcpy.o)
                              D:/Files/Documents/Cansat/Code/SimpleIDE/Learn/Simple Libraries/TextDevices/libsimpletext/cmm/\libsimpletext.a(floatToString.o) (_strcpy)

Allocating common symbols
Common symbol       size              file

_st_iodt            0x4               D:/Files/Documents/Cansat/Code/SimpleIDE/Learn/Simple Libraries/Utility/libsimpletools/cmm/\libsimpletools.a(timeTicks.o)
_keyswitch_values   0xe10             cmm/keyboard.o
_STACK1             0x640             cmm/decoder.o
_us                 0x4               D:/Files/Documents/Cansat/Code/SimpleIDE/Learn/Simple Libraries/Utility/libsimpletools/cmm/\libsimpletools.a(timeTicks.o)
_st_usTicks         0x4               D:/Files/Documents/Cansat/Code/SimpleIDE/Learn/Simple Libraries/Utility/libsimpletools/cmm/\libsimpletools.a(timeTicks.o)
_ms                 0x4               D:/Files/Documents/Cansat/Code/SimpleIDE/Learn/Simple Libraries/Utility/libsimpletools/cmm/\libsimpletools.a(timeTicks.o)
_motor_col          0x4               C:\Users\Jonas\AppData\Local\Temp\ccebsUjB.o
_STACK2             0x640             cmm/motor.o
_st_timeout         0x4               D:/Files/Documents/Cansat/Code/SimpleIDE/Learn/Simple Libraries/Utility/libsimpletools/cmm/\libsimpletools.a(timeTicks.o)
_st_pauseTicks      0x4               D:/Files/Documents/Cansat/Code/SimpleIDE/Learn/Simple Libraries/Utility/libsimpletools/cmm/\libsimpletools.a(timeTicks.o)
_st_msTicks         0x4               D:/Files/Documents/Cansat/Code/SimpleIDE/Learn/Simple Libraries/Utility/libsimpletools/cmm/\libsimpletools.a(timeTicks.o)

Discarded input sections

 .text          0x00000000        0x0 c:/program files (x86)/simpleide/propeller-gcc/bin/../lib/gcc/propeller-elf/4.6.1/cmm/short-doubles/spinboot.o
 .data          0x00000000        0x0 c:/program files (x86)/simpleide/propeller-gcc/bin/../lib/gcc/propeller-elf/4.6.1/cmm/short-doubles/spinboot.o
 .bss           0x00000000        0x0 c:/program files (x86)/simpleide/propeller-gcc/bin/../lib/gcc/propeller-elf/4.6.1/cmm/short-doubles/spinboot.o
 .text          0x00000000        0x0 c:/program files (x86)/simpleide/propeller-gcc/bin/../lib/gcc/propeller-elf/4.6.1/cmm/short-doubles/_crt0.o
 .data          0x00000000        0x0 c:/program files (x86)/simpleide/propeller-gcc/bin/../lib/gcc/propeller-elf/4.6.1/cmm/short-doubles/_crt0.o
 .bss           0x00000000        0x0 c:/program files (x86)/simpleide/propeller-gcc/bin/../lib/gcc/propeller-elf/4.6.1/cmm/short-doubles/_crt0.o
 .text          0x00000000        0x0 c:/program files (x86)/simpleide/propeller-gcc/bin/../lib/gcc/propeller-elf/4.6.1/cmm/short-doubles/_crtbegin.o
 .data          0x00000000        0x0 c:/program files (x86)/simpleide/propeller-gcc/bin/../lib/gcc/propeller-elf/4.6.1/cmm/short-doubles/_crtbegin.o
 .bss           0x00000000        0x0 c:/program files (x86)/simpleide/propeller-gcc/bin/../lib/gcc/propeller-elf/4.6.1/cmm/short-doubles/_crtbegin.o
 .bss           0x00000000        0x0 cmm/keyboard.o
 .bss           0x00000000        0x0 cmm/kin.o
 .bss           0x00000000        0x0 cmm/decoder.o
 .text          0x00000000        0x0 C:\Users\Jonas\AppData\Local\Temp\ccebsUjB.o
 .bss           0x00000000        0x0 C:\Users\Jonas\AppData\Local\Temp\ccebsUjB.o
 .text.wait_for_complete
                0x00000000       0x3c C:\Users\Jonas\AppData\Local\Temp\ccebsUjB.o
 .text.press_key
                0x00000000       0x40 C:\Users\Jonas\AppData\Local\Temp\ccebsUjB.o
 .text.test_print
                0x00000000       0x48 C:\Users\Jonas\AppData\Local\Temp\ccebsUjB.o
 .text.ex_1     0x00000000       0x14 C:\Users\Jonas\AppData\Local\Temp\ccebsUjB.o
 .bss           0x00000000        0x0 c:/program files (x86)/simpleide/propeller-gcc/bin/../lib/gcc/propeller-elf/4.6.1/../../../../propeller-elf/lib/cmm/short-doubles\libm.a(e_acosf.o)
 .bss           0x00000000        0x0 c:/program files (x86)/simpleide/propeller-gcc/bin/../lib/gcc/propeller-elf/4.6.1/../../../../propeller-elf/lib/cmm/short-doubles\libm.a(e_atan2f.o)
 .data          0x00000000        0x0 c:/program files (x86)/simpleide/propeller-gcc/bin/../lib/gcc/propeller-elf/4.6.1/../../../../propeller-elf/lib/cmm/short-doubles\libm.a(e_sqrtf.o)
 .bss           0x00000000        0x0 c:/program files (x86)/simpleide/propeller-gcc/bin/../lib/gcc/propeller-elf/4.6.1/../../../../propeller-elf/lib/cmm/short-doubles\libm.a(e_sqrtf.o)
 .bss           0x00000000        0x0 c:/program files (x86)/simpleide/propeller-gcc/bin/../lib/gcc/propeller-elf/4.6.1/../../../../propeller-elf/lib/cmm/short-doubles\libm.a(s_atanf.o)
 .data          0x00000000        0x0 c:/program files (x86)/simpleide/propeller-gcc/bin/../lib/gcc/propeller-elf/4.6.1/../../../../propeller-elf/lib/cmm/short-doubles\libm.a(s_cexpf.o)
 .bss           0x00000000        0x0 c:/program files (x86)/simpleide/propeller-gcc/bin/../lib/gcc/propeller-elf/4.6.1/../../../../propeller-elf/lib/cmm/short-doubles\libm.a(s_cexpf.o)
 .bss           0x00000000        0x0 c:/program files (x86)/simpleide/propeller-gcc/bin/../lib/gcc/propeller-elf/4.6.1/../../../../propeller-elf/lib/cmm/short-doubles\libm.a(k_sincosf.o)
 .bss           0x00000000        0x0 c:/program files (x86)/simpleide/propeller-gcc/bin/../lib/gcc/propeller-elf/4.6.1/../../../../propeller-elf/lib/cmm/short-doubles\libm.a(e_expf.o)
 .bss           0x00000000        0x0 c:/program files (x86)/simpleide/propeller-gcc/bin/../lib/gcc/propeller-elf/4.6.1/../../../../propeller-elf/lib/cmm/short-doubles\libm.a(e_rem_pio2f.o)
 .bss           0x00000000        0x0 c:/program files (x86)/simpleide/propeller-gcc/bin/../lib/gcc/propeller-elf/4.6.1/../../../../propeller-elf/lib/cmm/short-doubles\libm.a(k_rem_pio2f.o)
 .data          0x00000000        0x0 c:/program files (x86)/simpleide/propeller-gcc/bin/../lib/gcc/propeller-elf/4.6.1/../../../../propeller-elf/lib/cmm/short-doubles\libm.a(s_floorf.o)
 .bss           0x00000000        0x0 c:/program files (x86)/simpleide/propeller-gcc/bin/../lib/gcc/propeller-elf/4.6.1/../../../../propeller-elf/lib/cmm/short-doubles\libm.a(s_floorf.o)
 .bss           0x00000000        0x0 c:/program files (x86)/simpleide/propeller-gcc/bin/../lib/gcc/propeller-elf/4.6.1/../../../../propeller-elf/lib/cmm/short-doubles\libm.a(s_scalbnf.o)
 .data          0x00000000        0x0 D:/Files/Documents/Cansat/Code/SimpleIDE/Learn/Simple Libraries/Utility/libsimpletools/cmm/\libsimpletools.a(getStates.o)
 .bss           0x00000000        0x0 D:/Files/Documents/Cansat/Code/SimpleIDE/Learn/Simple Libraries/Utility/libsimpletools/cmm/\libsimpletools.a(getStates.o)
 .data          0x00000000        0x0 D:/Files/Documents/Cansat/Code/SimpleIDE/Learn/Simple Libraries/Utility/libsimpletools/cmm/\libsimpletools.a(high.o)
 .bss           0x00000000        0x0 D:/Files/Documents/Cansat/Code/SimpleIDE/Learn/Simple Libraries/Utility/libsimpletools/cmm/\libsimpletools.a(high.o)
 .data          0x00000000        0x0 D:/Files/Documents/Cansat/Code/SimpleIDE/Learn/Simple Libraries/Utility/libsimpletools/cmm/\libsimpletools.a(low.o)
 .bss           0x00000000        0x0 D:/Files/Documents/Cansat/Code/SimpleIDE/Learn/Simple Libraries/Utility/libsimpletools/cmm/\libsimpletools.a(low.o)
 .data          0x00000000        0x0 D:/Files/Documents/Cansat/Code/SimpleIDE/Learn/Simple Libraries/Utility/libsimpletools/cmm/\libsimpletools.a(pause.o)
 .bss           0x00000000        0x0 D:/Files/Documents/Cansat/Code/SimpleIDE/Learn/Simple Libraries/Utility/libsimpletools/cmm/\libsimpletools.a(pause.o)
 .data          0x00000000        0x0 D:/Files/Documents/Cansat/Code/SimpleIDE/Learn/Simple Libraries/Utility/libsimpletools/cmm/\libsimpletools.a(pwm.o)
 .data          0x00000000        0x0 D:/Files/Documents/Cansat/Code/SimpleIDE/Learn/Simple Libraries/Utility/libsimpletools/cmm/\libsimpletools.a(setDirection.o)
 .bss           0x00000000        0x0 D:/Files/Documents/Cansat/Code/SimpleIDE/Learn/Simple Libraries/Utility/libsimpletools/cmm/\libsimpletools.a(setDirection.o)
 .data          0x00000000        0x0 D:/Files/Documents/Cansat/Code/SimpleIDE/Learn/Simple Libraries/Utility/libsimpletools/cmm/\libsimpletools.a(timeTicks.o)
 .bss           0x00000000        0x0 D:/Files/Documents/Cansat/Code/SimpleIDE/Learn/Simple Libraries/Utility/libsimpletools/cmm/\libsimpletools.a(timeTicks.o)
 .data          0x00000000        0x0 D:/Files/Documents/Cansat/Code/SimpleIDE/Learn/Simple Libraries/TextDevices/libsimpletext/cmm/\libsimpletext.a(print.o)
 .bss           0x00000000        0x0 D:/Files/Documents/Cansat/Code/SimpleIDE/Learn/Simple Libraries/TextDevices/libsimpletext/cmm/\libsimpletext.a(print.o)
 .data          0x00000000        0x0 D:/Files/Documents/Cansat/Code/SimpleIDE/Learn/Simple Libraries/TextDevices/libsimpletext/cmm/\libsimpletext.a(putStr.o)
 .bss           0x00000000        0x0 D:/Files/Documents/Cansat/Code/SimpleIDE/Learn/Simple Libraries/TextDevices/libsimpletext/cmm/\libsimpletext.a(putStr.o)
 .data          0x00000000        0x0 D:/Files/Documents/Cansat/Code/SimpleIDE/Learn/Simple Libraries/TextDevices/libsimpletext/cmm/\libsimpletext.a(putChar.o)
 .bss           0x00000000        0x0 D:/Files/Documents/Cansat/Code/SimpleIDE/Learn/Simple Libraries/TextDevices/libsimpletext/cmm/\libsimpletext.a(putChar.o)
 .data          0x00000000        0x0 D:/Files/Documents/Cansat/Code/SimpleIDE/Learn/Simple Libraries/TextDevices/libsimpletext/cmm/\libsimpletext.a(simpleterm.o)
 .bss           0x00000000        0x0 D:/Files/Documents/Cansat/Code/SimpleIDE/Learn/Simple Libraries/TextDevices/libsimpletext/cmm/\libsimpletext.a(simpleterm.o)
 .data          0x00000000        0x0 D:/Files/Documents/Cansat/Code/SimpleIDE/Learn/Simple Libraries/TextDevices/libsimpletext/cmm/\libsimpletext.a(dosprint.o)
 .bss           0x00000000        0x0 D:/Files/Documents/Cansat/Code/SimpleIDE/Learn/Simple Libraries/TextDevices/libsimpletext/cmm/\libsimpletext.a(dosprint.o)
 .data          0x00000000        0x0 D:/Files/Documents/Cansat/Code/SimpleIDE/Learn/Simple Libraries/TextDevices/libsimpletext/cmm/\libsimpletext.a(serial_open.o)
 .bss           0x00000000        0x0 D:/Files/Documents/Cansat/Code/SimpleIDE/Learn/Simple Libraries/TextDevices/libsimpletext/cmm/\libsimpletext.a(serial_open.o)
 .data          0x00000000        0x0 D:/Files/Documents/Cansat/Code/SimpleIDE/Learn/Simple Libraries/TextDevices/libsimpletext/cmm/\libsimpletext.a(serial_rxtx.o)
 .bss           0x00000000        0x0 D:/Files/Documents/Cansat/Code/SimpleIDE/Learn/Simple Libraries/TextDevices/libsimpletext/cmm/\libsimpletext.a(serial_rxtx.o)
 .bss           0x00000000        0x0 D:/Files/Documents/Cansat/Code/SimpleIDE/Learn/Simple Libraries/TextDevices/libsimpletext/cmm/\libsimpletext.a(floatToString.o)
 .data          0x00000000        0x0 D:/Files/Documents/Cansat/Code/SimpleIDE/Learn/Simple Libraries/Utility/libsimpletools/cmm/\libsimpletools.a(getOutput.o)
 .bss           0x00000000        0x0 D:/Files/Documents/Cansat/Code/SimpleIDE/Learn/Simple Libraries/Utility/libsimpletools/cmm/\libsimpletools.a(getOutput.o)
 .data          0x00000000        0x0 D:/Files/Documents/Cansat/Code/SimpleIDE/Learn/Simple Libraries/Utility/libsimpletools/cmm/\libsimpletools.a(input.o)
 .bss           0x00000000        0x0 D:/Files/Documents/Cansat/Code/SimpleIDE/Learn/Simple Libraries/Utility/libsimpletools/cmm/\libsimpletools.a(input.o)
 .data          0x00000000        0x0 c:/program files (x86)/simpleide/propeller-gcc/bin/../lib/gcc/propeller-elf/4.6.1/cmm/short-doubles\libgcc.a(addsf3.o)
 .bss           0x00000000        0x0 c:/program files (x86)/simpleide/propeller-gcc/bin/../lib/gcc/propeller-elf/4.6.1/cmm/short-doubles\libgcc.a(addsf3.o)
 .data          0x00000000        0x0 c:/program files (x86)/simpleide/propeller-gcc/bin/../lib/gcc/propeller-elf/4.6.1/cmm/short-doubles\libgcc.a(divsf3.o)
 .bss           0x00000000        0x0 c:/program files (x86)/simpleide/propeller-gcc/bin/../lib/gcc/propeller-elf/4.6.1/cmm/short-doubles\libgcc.a(divsf3.o)
 .data          0x00000000        0x0 c:/program files (x86)/simpleide/propeller-gcc/bin/../lib/gcc/propeller-elf/4.6.1/cmm/short-doubles\libgcc.a(eqsf2.o)
 .bss           0x00000000        0x0 c:/program files (x86)/simpleide/propeller-gcc/bin/../lib/gcc/propeller-elf/4.6.1/cmm/short-doubles\libgcc.a(eqsf2.o)
 .data          0x00000000        0x0 c:/program files (x86)/simpleide/propeller-gcc/bin/../lib/gcc/propeller-elf/4.6.1/cmm/short-doubles\libgcc.a(gesf2.o)
 .bss           0x00000000        0x0 c:/program files (x86)/simpleide/propeller-gcc/bin/../lib/gcc/propeller-elf/4.6.1/cmm/short-doubles\libgcc.a(gesf2.o)
 .data          0x00000000        0x0 c:/program files (x86)/simpleide/propeller-gcc/bin/../lib/gcc/propeller-elf/4.6.1/cmm/short-doubles\libgcc.a(lesf2.o)
 .bss           0x00000000        0x0 c:/program files (x86)/simpleide/propeller-gcc/bin/../lib/gcc/propeller-elf/4.6.1/cmm/short-doubles\libgcc.a(lesf2.o)
 .data          0x00000000        0x0 c:/program files (x86)/simpleide/propeller-gcc/bin/../lib/gcc/propeller-elf/4.6.1/cmm/short-doubles\libgcc.a(mulsf3.o)
 .bss           0x00000000        0x0 c:/program files (x86)/simpleide/propeller-gcc/bin/../lib/gcc/propeller-elf/4.6.1/cmm/short-doubles\libgcc.a(mulsf3.o)
 .data          0x00000000        0x0 c:/program files (x86)/simpleide/propeller-gcc/bin/../lib/gcc/propeller-elf/4.6.1/cmm/short-doubles\libgcc.a(subsf3.o)
 .bss           0x00000000        0x0 c:/program files (x86)/simpleide/propeller-gcc/bin/../lib/gcc/propeller-elf/4.6.1/cmm/short-doubles\libgcc.a(subsf3.o)
 .data          0x00000000        0x0 c:/program files (x86)/simpleide/propeller-gcc/bin/../lib/gcc/propeller-elf/4.6.1/cmm/short-doubles\libgcc.a(fixsfsi.o)
 .bss           0x00000000        0x0 c:/program files (x86)/simpleide/propeller-gcc/bin/../lib/gcc/propeller-elf/4.6.1/cmm/short-doubles\libgcc.a(fixsfsi.o)
 .data          0x00000000        0x0 c:/program files (x86)/simpleide/propeller-gcc/bin/../lib/gcc/propeller-elf/4.6.1/cmm/short-doubles\libgcc.a(fixunssfsi.o)
 .bss           0x00000000        0x0 c:/program files (x86)/simpleide/propeller-gcc/bin/../lib/gcc/propeller-elf/4.6.1/cmm/short-doubles\libgcc.a(fixunssfsi.o)
 .data          0x00000000        0x0 c:/program files (x86)/simpleide/propeller-gcc/bin/../lib/gcc/propeller-elf/4.6.1/cmm/short-doubles\libgcc.a(floatsisf.o)
 .bss           0x00000000        0x0 c:/program files (x86)/simpleide/propeller-gcc/bin/../lib/gcc/propeller-elf/4.6.1/cmm/short-doubles\libgcc.a(floatsisf.o)
 .data          0x00000000        0x0 c:/program files (x86)/simpleide/propeller-gcc/bin/../lib/gcc/propeller-elf/4.6.1/cmm/short-doubles\libgcc.a(floatunsisf.o)
 .bss           0x00000000        0x0 c:/program files (x86)/simpleide/propeller-gcc/bin/../lib/gcc/propeller-elf/4.6.1/cmm/short-doubles\libgcc.a(floatunsisf.o)
 .data          0x00000000        0x0 c:/program files (x86)/simpleide/propeller-gcc/bin/../lib/gcc/propeller-elf/4.6.1/../../../../propeller-elf/lib/cmm/short-doubles\libc.a(abort.o)
 .bss           0x00000000        0x0 c:/program files (x86)/simpleide/propeller-gcc/bin/../lib/gcc/propeller-elf/4.6.1/../../../../propeller-elf/lib/cmm/short-doubles\libc.a(abort.o)
 .text          0x00000000        0x0 c:/program files (x86)/simpleide/propeller-gcc/bin/../lib/gcc/propeller-elf/4.6.1/../../../../propeller-elf/lib/cmm/short-doubles\libc.a(ctype.o)
 .bss           0x00000000        0x0 c:/program files (x86)/simpleide/propeller-gcc/bin/../lib/gcc/propeller-elf/4.6.1/../../../../propeller-elf/lib/cmm/short-doubles\libc.a(ctype.o)
 .data          0x00000000        0x0 c:/program files (x86)/simpleide/propeller-gcc/bin/../lib/gcc/propeller-elf/4.6.1/../../../../propeller-elf/lib/cmm/short-doubles\libc.a(tolower.o)
 .bss           0x00000000        0x0 c:/program files (x86)/simpleide/propeller-gcc/bin/../lib/gcc/propeller-elf/4.6.1/../../../../propeller-elf/lib/cmm/short-doubles\libc.a(tolower.o)
 .bss           0x00000000        0x0 c:/program files (x86)/simpleide/propeller-gcc/bin/../lib/gcc/propeller-elf/4.6.1/../../../../propeller-elf/lib/cmm/short-doubles\libc.a(sbrk.o)
 .text          0x00000000        0x4 c:/program files (x86)/simpleide/propeller-gcc/bin/../lib/gcc/propeller-elf/4.6.1/../../../../propeller-elf/lib/cmm/short-doubles\libc.a(thread.o)
 .data          0x00000000        0x4 c:/program files (x86)/simpleide/propeller-gcc/bin/../lib/gcc/propeller-elf/4.6.1/../../../../propeller-elf/lib/cmm/short-doubles\libc.a(thread.o)
 .data          0x00000000        0x0 c:/program files (x86)/simpleide/propeller-gcc/bin/../lib/gcc/propeller-elf/4.6.1/../../../../propeller-elf/lib/cmm/short-doubles\libc.a(cogstart.o)
 .bss           0x00000000        0x0 c:/program files (x86)/simpleide/propeller-gcc/bin/../lib/gcc/propeller-elf/4.6.1/../../../../propeller-elf/lib/cmm/short-doubles\libc.a(cogstart.o)
 .data          0x00000000        0x0 c:/program files (x86)/simpleide/propeller-gcc/bin/../lib/gcc/propeller-elf/4.6.1/../../../../propeller-elf/lib/cmm/short-doubles\libc.a(memcpy.o)
 .bss           0x00000000        0x0 c:/program files (x86)/simpleide/propeller-gcc/bin/../lib/gcc/propeller-elf/4.6.1/../../../../propeller-elf/lib/cmm/short-doubles\libc.a(memcpy.o)
 .data          0x00000000        0x0 c:/program files (x86)/simpleide/propeller-gcc/bin/../lib/gcc/propeller-elf/4.6.1/../../../../propeller-elf/lib/cmm/short-doubles\libc.a(memset.o)
 .bss           0x00000000        0x0 c:/program files (x86)/simpleide/propeller-gcc/bin/../lib/gcc/propeller-elf/4.6.1/../../../../propeller-elf/lib/cmm/short-doubles\libc.a(memset.o)
 .data          0x00000000        0x0 c:/program files (x86)/simpleide/propeller-gcc/bin/../lib/gcc/propeller-elf/4.6.1/../../../../propeller-elf/lib/cmm/short-doubles\libc.a(strcpy.o)
 .bss           0x00000000        0x0 c:/program files (x86)/simpleide/propeller-gcc/bin/../lib/gcc/propeller-elf/4.6.1/../../../../propeller-elf/lib/cmm/short-doubles\libc.a(strcpy.o)
 .text          0x00000000        0x0 c:/program files (x86)/simpleide/propeller-gcc/bin/../lib/gcc/propeller-elf/4.6.1/cmm/short-doubles/_crtend.o
 .data          0x00000000        0x0 c:/program files (x86)/simpleide/propeller-gcc/bin/../lib/gcc/propeller-elf/4.6.1/cmm/short-doubles/_crtend.o
 .bss           0x00000000        0x0 c:/program files (x86)/simpleide/propeller-gcc/bin/../lib/gcc/propeller-elf/4.6.1/cmm/short-doubles/_crtend.o

Memory Configuration

Name             Origin             Length             Attributes
hub              0x00000000         0x00008000
cog              0x00000000         0x000007c0
coguser          0x00000000         0x000007c0
ram              0x20000000         0x10000000
rom              0x30000000         0x10000000
drivers          0xc0000000         0x00100000
dummy            0xe0000000         0x00100000
*default*        0x00000000         0xffffffff

Linker script and memory map

LOAD c:/program files (x86)/simpleide/propeller-gcc/bin/../lib/gcc/propeller-elf/4.6.1/cmm/short-doubles/spinboot.o
LOAD c:/program files (x86)/simpleide/propeller-gcc/bin/../lib/gcc/propeller-elf/4.6.1/cmm/short-doubles/_crt0.o
LOAD c:/program files (x86)/simpleide/propeller-gcc/bin/../lib/gcc/propeller-elf/4.6.1/cmm/short-doubles/_crtbegin.o
LOAD cmm/keyboard.o
LOAD cmm/kin.o
LOAD cmm/decoder.o
LOAD cmm/motor.o
LOAD C:\Users\Jonas\AppData\Local\Temp\ccebsUjB.o
LOAD c:/program files (x86)/simpleide/propeller-gcc/bin/../lib/gcc/propeller-elf/4.6.1/../../../../propeller-elf/lib/cmm/short-doubles\libm.a
LOAD D:/Files/Documents/Cansat/Code/SimpleIDE/Learn/Simple Libraries/Utility/libsimpletools/cmm/\libsimpletools.a
LOAD D:/Files/Documents/Cansat/Code/SimpleIDE/Learn/Simple Libraries/TextDevices/libsimpletext/cmm/\libsimpletext.a
LOAD D:/Files/Documents/Cansat/Code/SimpleIDE/Learn/Simple Libraries/Protocol/libsimplei2c/cmm/\libsimplei2c.a
LOAD D:/Files/Documents/Cansat/Code/SimpleIDE/Learn/Simple Libraries/Motor/libservo/cmm/\libservo.a
LOAD c:/program files (x86)/simpleide/propeller-gcc/bin/../lib/gcc/propeller-elf/4.6.1/../../../../propeller-elf/lib/cmm/short-doubles\libm.a
LOAD D:/Files/Documents/Cansat/Code/SimpleIDE/Learn/Simple Libraries/Utility/libsimpletools/cmm/\libsimpletools.a
LOAD D:/Files/Documents/Cansat/Code/SimpleIDE/Learn/Simple Libraries/TextDevices/libsimpletext/cmm/\libsimpletext.a
LOAD D:/Files/Documents/Cansat/Code/SimpleIDE/Learn/Simple Libraries/Protocol/libsimplei2c/cmm/\libsimplei2c.a
LOAD c:/program files (x86)/simpleide/propeller-gcc/bin/../lib/gcc/propeller-elf/4.6.1/../../../../propeller-elf/lib/cmm/short-doubles\libm.a
LOAD D:/Files/Documents/Cansat/Code/SimpleIDE/Learn/Simple Libraries/Utility/libsimpletools/cmm/\libsimpletools.a
LOAD D:/Files/Documents/Cansat/Code/SimpleIDE/Learn/Simple Libraries/TextDevices/libsimpletext/cmm/\libsimpletext.a
LOAD c:/program files (x86)/simpleide/propeller-gcc/bin/../lib/gcc/propeller-elf/4.6.1/../../../../propeller-elf/lib/cmm/short-doubles\libm.a
LOAD D:/Files/Documents/Cansat/Code/SimpleIDE/Learn/Simple Libraries/Utility/libsimpletools/cmm/\libsimpletools.a
LOAD c:/program files (x86)/simpleide/propeller-gcc/bin/../lib/gcc/propeller-elf/4.6.1/../../../../propeller-elf/lib/cmm/short-doubles\libm.a
LOAD c:/program files (x86)/simpleide/propeller-gcc/bin/../lib/gcc/propeller-elf/4.6.1/cmm/short-doubles\libgcc.a
START GROUP
LOAD c:/program files (x86)/simpleide/propeller-gcc/bin/../lib/gcc/propeller-elf/4.6.1/../../../../propeller-elf/lib/cmm/short-doubles\libc.a
LOAD c:/program files (x86)/simpleide/propeller-gcc/bin/../lib/gcc/propeller-elf/4.6.1/cmm/short-doubles\libgcc.a
END GROUP
LOAD c:/program files (x86)/simpleide/propeller-gcc/bin/../lib/gcc/propeller-elf/4.6.1/cmm/short-doubles\libgcc.a
LOAD c:/program files (x86)/simpleide/propeller-gcc/bin/../lib/gcc/propeller-elf/4.6.1/cmm/short-doubles/_crtend.o

.boot           0x00000000       0x20
 *(.boot)
 .boot          0x00000000       0x20 c:/program files (x86)/simpleide/propeller-gcc/bin/../lib/gcc/propeller-elf/4.6.1/cmm/short-doubles/spinboot.o
                0x00000000                __clkfreq
                0x00000004                __clkmode
                0x00000008                __sys_mbox

.lmmkernel      0x00000000      0x764 load address 0x00000020
 *(.lmmkernel)
 .lmmkernel     0x00000000      0x760 c:/program files (x86)/simpleide/propeller-gcc/bin/../lib/gcc/propeller-elf/4.6.1/cmm/short-doubles/_crt0.o
                0x00000000                r0
                0x00000000                __LMM_entry
                0x00000004                r1
                0x00000008                r2
                0x0000000c                r3
                0x00000010                r4
                0x00000014                r5
                0x00000018                r6
                0x0000001c                r7
                0x00000020                r8
                0x00000024                r9
                0x00000028                r10
                0x0000002c                r11
                0x00000030                r12
                0x00000034                r13
                0x00000038                r14
                0x0000003c                lr
                0x00000040                sp
                0x00000044                pc
                0x00000048                __MASK_FFFFFFFF
                0x0000004c                __TMP0
                0x00000440                __LMM_CALL
                0x00000448                __LMM_CALL_INDIRECT
                0x00000454                __LMM_JMP
                0x00000460                __LMM_PUSHM
                0x00000480                __LMM_PUSHM_ret
                0x00000488                __LMM_POPRET
                0x00000490                __LMM_POPRET_ret
                0x00000494                __LMM_POPM
                0x000004b4                __LMM_POPM_ret
                0x000004b8                __MASK_0000FFFF
                0x000004cc                __CLZSI
                0x000004d0                __CTZSI
                0x00000508                __CLZSI_ret
                0x00000514                __UDIVSI
                0x00000558                __UDIVSI_ret
                0x00000560                __DIVSI
                0x00000588                __DIVSI_ret
                0x00000598                __MULSI
                0x000005b8                __MULSI_ret
                0x000005bc                __C_LOCK_PTR
                0x000005c0                __CMPSWAPSI
                0x000005e0                __CMPSWAPSI_ret
                0x000005ec                __LMM_RET
                0x00000660                __LMM_FCACHE_START
 *(.kernel)
 .kernel        0x00000760        0x4 c:/program files (x86)/simpleide/propeller-gcc/bin/../lib/gcc/propeller-elf/4.6.1/../../../../propeller-elf/lib/cmm/short-doubles\libc.a(thread.o)
                0x00000760                __TLS

.init           0x00000784       0x74
 *(.init*)
 .init          0x00000784       0x60 c:/program files (x86)/simpleide/propeller-gcc/bin/../lib/gcc/propeller-elf/4.6.1/cmm/short-doubles/_crtbegin.o
                0x00000784                start
                0x00000784                entry
                0x000007ab                ___init
 .init          0x000007e4       0x14 c:/program files (x86)/simpleide/propeller-gcc/bin/../lib/gcc/propeller-elf/4.6.1/cmm/short-doubles/_crtend.o

.text           0x000007f8     0x3c64
 *(.text*)
 .text          0x000007f8      0x16c cmm/keyboard.o
                0x000007f8                _set_key_val
                0x00000819                _generate_key
                0x0000081a                _init_keyboard
                0x00000911                _get_key
 .text          0x00000964      0x138 cmm/kin.o
                0x00000964                _forward
                0x000009ca                _inverse
 .text          0x00000a9c       0x8c cmm/decoder.o
                0x00000a9c                _decoder_loop
                0x00000ad7                _start_decoder
                0x00000ae2                _create_decoder_t
                0x00000b1f                _destroy_decoder_t
 .text          0x00000b28      0x2e4 cmm/motor.o
                0x00000b28                _squash
                0x00000b33                _direction_signal
                0x00000b58                _motor_loop
                0x00000d3a                _start_pid_motor
                0x00000d6b                _set_pos
                0x00000d87                _set_vel
                0x00000da0                _delta_pos
                0x00000dae                _create_motor
                0x00000e03                _destroy_motor_t
 .text.print_key
                0x00000e0c       0x54 C:\Users\Jonas\AppData\Local\Temp\ccebsUjB.o
                0x00000e0c                _print_key
 .text.init_motors
                0x00000e60       0x20 C:\Users\Jonas\AppData\Local\Temp\ccebsUjB.o
                0x00000e60                _init_motors
 .text.startup.main
                0x00000e80      0x10c C:\Users\Jonas\AppData\Local\Temp\ccebsUjB.o
                0x00000e80                _main
 .text          0x00000f8c      0x2b8 c:/program files (x86)/simpleide/propeller-gcc/bin/../lib/gcc/propeller-elf/4.6.1/../../../../propeller-elf/lib/cmm/short-doubles\libm.a(e_acosf.o)
                0x00000f8c                _acos
                0x00000f8c                _acosf
 .text          0x00001244      0x118 c:/program files (x86)/simpleide/propeller-gcc/bin/../lib/gcc/propeller-elf/4.6.1/../../../../propeller-elf/lib/cmm/short-doubles\libm.a(e_atan2f.o)
                0x00001244                _atan2
                0x00001244                _atan2f
 .text          0x0000135c       0xb0 c:/program files (x86)/simpleide/propeller-gcc/bin/../lib/gcc/propeller-elf/4.6.1/../../../../propeller-elf/lib/cmm/short-doubles\libm.a(e_sqrtf.o)
                0x0000135c                _sqrt
                0x0000135c                _sqrtf
 .text          0x0000140c      0x1fc c:/program files (x86)/simpleide/propeller-gcc/bin/../lib/gcc/propeller-elf/4.6.1/../../../../propeller-elf/lib/cmm/short-doubles\libm.a(s_atanf.o)
                0x0000140c                _atan
                0x0000140c                _atanf
 .text          0x00001608       0x58 c:/program files (x86)/simpleide/propeller-gcc/bin/../lib/gcc/propeller-elf/4.6.1/../../../../propeller-elf/lib/cmm/short-doubles\libm.a(s_cexpf.o)
                0x00001608                _cexpf
                0x00001608                _cexp
 .text          0x00001660      0x280 c:/program files (x86)/simpleide/propeller-gcc/bin/../lib/gcc/propeller-elf/4.6.1/../../../../propeller-elf/lib/cmm/short-doubles\libm.a(k_sincosf.o)
                0x00001843                ___sincosf
                0x00001843                ___sincos
 .text          0x000018e0      0x1dc c:/program files (x86)/simpleide/propeller-gcc/bin/../lib/gcc/propeller-elf/4.6.1/../../../../propeller-elf/lib/cmm/short-doubles\libm.a(e_expf.o)
                0x000018e0                _exp
                0x000018e0                _expf
 .text          0x00001abc      0x2c4 c:/program files (x86)/simpleide/propeller-gcc/bin/../lib/gcc/propeller-elf/4.6.1/../../../../propeller-elf/lib/cmm/short-doubles\libm.a(e_rem_pio2f.o)
                0x00001abc                ___ieee754_rem_pio2f
 .text          0x00001d80      0x8bc c:/program files (x86)/simpleide/propeller-gcc/bin/../lib/gcc/propeller-elf/4.6.1/../../../../propeller-elf/lib/cmm/short-doubles\libm.a(k_rem_pio2f.o)
                0x00001d80                ___kernel_rem_pio2f
 .text          0x0000263c       0x84 c:/program files (x86)/simpleide/propeller-gcc/bin/../lib/gcc/propeller-elf/4.6.1/../../../../propeller-elf/lib/cmm/short-doubles\libm.a(s_floorf.o)
                0x0000263c                _floor
                0x0000263c                _floorf
 .text          0x000026c0       0xd8 c:/program files (x86)/simpleide/propeller-gcc/bin/../lib/gcc/propeller-elf/4.6.1/../../../../propeller-elf/lib/cmm/short-doubles\libm.a(s_scalbnf.o)
                0x000026c0                _ldexpf
                0x000026c0                _ldexp
                0x000026c0                _scalbnf
 .text          0x00002798       0x1c D:/Files/Documents/Cansat/Code/SimpleIDE/Learn/Simple Libraries/Utility/libsimpletools/cmm/\libsimpletools.a(getStates.o)
                0x00002798                _get_states
 .text          0x000027b4       0x1c D:/Files/Documents/Cansat/Code/SimpleIDE/Learn/Simple Libraries/Utility/libsimpletools/cmm/\libsimpletools.a(high.o)
                0x000027b4                _high
 .text          0x000027d0       0x1c D:/Files/Documents/Cansat/Code/SimpleIDE/Learn/Simple Libraries/Utility/libsimpletools/cmm/\libsimpletools.a(low.o)
                0x000027d0                _low
 .text          0x000027ec       0x1c D:/Files/Documents/Cansat/Code/SimpleIDE/Learn/Simple Libraries/Utility/libsimpletools/cmm/\libsimpletools.a(pause.o)
                0x000027ec                _pause
 .text          0x00002808      0x134 D:/Files/Documents/Cansat/Code/SimpleIDE/Learn/Simple Libraries/Utility/libsimpletools/cmm/\libsimpletools.a(pwm.o)
                0x00002808                _pw
                0x000028c4                _pwm_start
                0x000028e7                _pwm_set
                0x00002926                _pwm_stop
 .text          0x0000293c       0x18 D:/Files/Documents/Cansat/Code/SimpleIDE/Learn/Simple Libraries/Utility/libsimpletools/cmm/\libsimpletools.a(setDirection.o)
                0x0000293c                _set_direction
 .text          0x00002954       0x40 D:/Files/Documents/Cansat/Code/SimpleIDE/Learn/Simple Libraries/Utility/libsimpletools/cmm/\libsimpletools.a(timeTicks.o)
                0x00002954                _timeTicksSetup
 .text          0x00002994       0x30 D:/Files/Documents/Cansat/Code/SimpleIDE/Learn/Simple Libraries/TextDevices/libsimpletext/cmm/\libsimpletext.a(print.o)
                0x00002994                _print
 .text          0x000029c4       0x18 D:/Files/Documents/Cansat/Code/SimpleIDE/Learn/Simple Libraries/TextDevices/libsimpletext/cmm/\libsimpletext.a(putStr.o)
                0x000029c4                _putStr
 .text          0x000029dc       0x38 D:/Files/Documents/Cansat/Code/SimpleIDE/Learn/Simple Libraries/TextDevices/libsimpletext/cmm/\libsimpletext.a(putChar.o)
                0x000029dc                _putChar
 .text          0x00002a14       0x34 D:/Files/Documents/Cansat/Code/SimpleIDE/Learn/Simple Libraries/TextDevices/libsimpletext/cmm/\libsimpletext.a(simpleterm.o)
                0x00002a14                _simpleterm_open
                0x00002a3f                _simpleterm_pointer
 .text          0x00002a48      0x154 D:/Files/Documents/Cansat/Code/SimpleIDE/Learn/Simple Libraries/TextDevices/libsimpletext/cmm/\libsimpletext.a(dosprint.o)
                0x00002a48                __dosprnt
 .text          0x00002b9c       0x84 D:/Files/Documents/Cansat/Code/SimpleIDE/Learn/Simple Libraries/TextDevices/libsimpletext/cmm/\libsimpletext.a(serial_open.o)
                0x00002b9c                _serial_open
 .text          0x00002c20       0xe4 D:/Files/Documents/Cansat/Code/SimpleIDE/Learn/Simple Libraries/TextDevices/libsimpletext/cmm/\libsimpletext.a(serial_rxtx.o)
                0x00002ca8                _serial_rxChar
                0x00002cd3                _serial_txChar
 .text          0x00002d04       0x70 D:/Files/Documents/Cansat/Code/SimpleIDE/Learn/Simple Libraries/TextDevices/libsimpletext/cmm/\libsimpletext.a(dosput.o)
                0x00002d04                _SPUTC
                0x00002d09                _SPUTS
                0x00002d1d                _SPUTL
 .text          0x00002d74      0x1e4 D:/Files/Documents/Cansat/Code/SimpleIDE/Learn/Simple Libraries/TextDevices/libsimpletext/cmm/\libsimpletext.a(floatToString.o)
                0x00002d74                _float2string
 .text          0x00002f58      0x318 D:/Files/Documents/Cansat/Code/SimpleIDE/Learn/Simple Libraries/Motor/libservo/cmm/\libservo.a(servo.o)
                0x000030fa                _servo_setramp
                0x0000313e                _servo_get
                0x0000315f                _servo_stop
                0x00003183                _servo_set
                0x00003252                _servo_disable
                0x0000325a                _servo_speed
                0x00003266                _servo_angle
 .text          0x00003270        0xc D:/Files/Documents/Cansat/Code/SimpleIDE/Learn/Simple Libraries/Utility/libsimpletools/cmm/\libsimpletools.a(getOutput.o)
                0x00003270                _get_output
 .text          0x0000327c       0x1c D:/Files/Documents/Cansat/Code/SimpleIDE/Learn/Simple Libraries/Utility/libsimpletools/cmm/\libsimpletools.a(input.o)
                0x0000327c                _input
 .text          0x00003298      0x370 c:/program files (x86)/simpleide/propeller-gcc/bin/../lib/gcc/propeller-elf/4.6.1/cmm/short-doubles\libgcc.a(addsf3.o)
                0x00003298                ___addsf3
 .text          0x00003608      0x200 c:/program files (x86)/simpleide/propeller-gcc/bin/../lib/gcc/propeller-elf/4.6.1/cmm/short-doubles\libgcc.a(divsf3.o)
                0x00003608                ___divsf3
 .text          0x00003808       0x58 c:/program files (x86)/simpleide/propeller-gcc/bin/../lib/gcc/propeller-elf/4.6.1/cmm/short-doubles\libgcc.a(eqsf2.o)
                0x00003808                ___eqsf2
                0x00003808                ___nesf2
 .text          0x00003860       0x9c c:/program files (x86)/simpleide/propeller-gcc/bin/../lib/gcc/propeller-elf/4.6.1/cmm/short-doubles\libgcc.a(gesf2.o)
                0x00003860                ___gesf2
                0x00003860                ___gtsf2
 .text          0x000038fc       0x9c c:/program files (x86)/simpleide/propeller-gcc/bin/../lib/gcc/propeller-elf/4.6.1/cmm/short-doubles\libgcc.a(lesf2.o)
                0x000038fc                ___ltsf2
                0x000038fc                ___lesf2
 .text          0x00003998      0x240 c:/program files (x86)/simpleide/propeller-gcc/bin/../lib/gcc/propeller-elf/4.6.1/cmm/short-doubles\libgcc.a(mulsf3.o)
                0x00003998                ___mulsf3
 .text          0x00003bd8      0x390 c:/program files (x86)/simpleide/propeller-gcc/bin/../lib/gcc/propeller-elf/4.6.1/cmm/short-doubles\libgcc.a(subsf3.o)
                0x00003bd8                ___subsf3
 .text          0x00003f68       0x4c c:/program files (x86)/simpleide/propeller-gcc/bin/../lib/gcc/propeller-elf/4.6.1/cmm/short-doubles\libgcc.a(fixsfsi.o)
                0x00003f68                _(float, int, long long, short, float, short, int)
 .text          0x00003fb4       0x4c c:/program files (x86)/simpleide/propeller-gcc/bin/../lib/gcc/propeller-elf/4.6.1/cmm/short-doubles\libgcc.a(fixunssfsi.o)
                0x00003fb4                ___fixunssfsi
 .text          0x00004000       0xb0 c:/program files (x86)/simpleide/propeller-gcc/bin/../lib/gcc/propeller-elf/4.6.1/cmm/short-doubles\libgcc.a(floatsisf.o)
                0x00004000                ___floatsisf
 .text          0x000040b0       0xa0 c:/program files (x86)/simpleide/propeller-gcc/bin/../lib/gcc/propeller-elf/4.6.1/cmm/short-doubles\libgcc.a(floatunsisf.o)
                0x000040b0                ___floatunsisf
 .text          0x00004150      0x150 c:/program files (x86)/simpleide/propeller-gcc/bin/../lib/gcc/propeller-elf/4.6.1/../../../../propeller-elf/lib/cmm/short-doubles\libc.a(malloc.o)
                0x000041fb                __common_malloc
                0x0000426f                _hubmalloc
                0x0000427b                _malloc
                0x00004287                _free
                0x00004293                _hubfree
 .text          0x000042a0        0x8 c:/program files (x86)/simpleide/propeller-gcc/bin/../lib/gcc/propeller-elf/4.6.1/../../../../propeller-elf/lib/cmm/short-doubles\libc.a(abort.o)
                0x000042a0                _abort
 .text          0x000042a8       0x18 c:/program files (x86)/simpleide/propeller-gcc/bin/../lib/gcc/propeller-elf/4.6.1/../../../../propeller-elf/lib/cmm/short-doubles\libc.a(tolower.o)
                0x000042a8                _tolower
 .text          0x000042c0        0xc c:/program files (x86)/simpleide/propeller-gcc/bin/../lib/gcc/propeller-elf/4.6.1/../../../../propeller-elf/lib/cmm/short-doubles\libc.a(sbrk.o)
                0x000042c0                __hubsbrk
                0x000042c0                __sbrk
                0x000042c0                _sbrk
 .text          0x000042cc       0x48 c:/program files (x86)/simpleide/propeller-gcc/bin/../lib/gcc/propeller-elf/4.6.1/../../../../propeller-elf/lib/cmm/short-doubles\libc.a(cogstart.o)
                0x000042cc                _cogstart
 .text          0x00004314       0x80 c:/program files (x86)/simpleide/propeller-gcc/bin/../lib/gcc/propeller-elf/4.6.1/../../../../propeller-elf/lib/cmm/short-doubles\libc.a(memcpy.o)
                0x00004314                _memcpy
 .text          0x00004394       0x9c c:/program files (x86)/simpleide/propeller-gcc/bin/../lib/gcc/propeller-elf/4.6.1/../../../../propeller-elf/lib/cmm/short-doubles\libc.a(memset.o)
                0x00004394                _memset
 .text          0x00004430       0x2c c:/program files (x86)/simpleide/propeller-gcc/bin/../lib/gcc/propeller-elf/4.6.1/../../../../propeller-elf/lib/cmm/short-doubles\libc.a(strcpy.o)
                0x00004430                _strcpy
                0x0000445c                _etext = .

.fini           0x0000445c       0x30
 *(.fini*)
 .fini          0x0000445c       0x1c c:/program files (x86)/simpleide/propeller-gcc/bin/../lib/gcc/propeller-elf/4.6.1/cmm/short-doubles/_crtbegin.o
                0x0000445c                _exit
 .fini          0x00004478       0x14 c:/program files (x86)/simpleide/propeller-gcc/bin/../lib/gcc/propeller-elf/4.6.1/cmm/short-doubles/_crtend.o
                0x0000447a                __Exit
                0x0000447a                __exit
                0x00004486                __ExitHook

.hub            0x0000448c      0x868
 *(.hubstart)
 *(.hubtext*)
 *(.hubdata*)
 *(.hub)
 .hub           0x0000448c        0x4 D:/Files/Documents/Cansat/Code/SimpleIDE/Learn/Simple Libraries/TextDevices/libsimpletext/cmm/\libsimpletext.a(simpleterm.o)
                0x0000448c                _dport_ptr
 *(.data)
 .data          0x00004490      0x13c cmm/keyboard.o
                0x0000449c                _layout
                0x000045c8                _layout_size
                0x000045c9                _layout_columns
                0x000045ca                _layout_rows
 .data          0x000045cc        0x8 cmm/kin.o
 .data          0x000045d4       0x40 cmm/decoder.o
 .data          0x00004614       0x20 cmm/motor.o
                0x00004620                _kv_strength
                0x00004624                _ki_vel_strength
                0x00004628                _kd_strength
                0x0000462c                _ki_strength
                0x00004630                _kp_strength
 .data          0x00004634       0x74 C:\Users\Jonas\AppData\Local\Temp\ccebsUjB.o
 .data          0x000046a8        0xc c:/program files (x86)/simpleide/propeller-gcc/bin/../lib/gcc/propeller-elf/4.6.1/../../../../propeller-elf/lib/cmm/short-doubles\libm.a(e_acosf.o)
 .data          0x000046b4       0x2c c:/program files (x86)/simpleide/propeller-gcc/bin/../lib/gcc/propeller-elf/4.6.1/../../../../propeller-elf/lib/cmm/short-doubles\libm.a(e_atan2f.o)
 .data          0x000046e0       0x28 c:/program files (x86)/simpleide/propeller-gcc/bin/../lib/gcc/propeller-elf/4.6.1/../../../../propeller-elf/lib/cmm/short-doubles\libm.a(s_atanf.o)
 .data          0x00004708        0x8 c:/program files (x86)/simpleide/propeller-gcc/bin/../lib/gcc/propeller-elf/4.6.1/../../../../propeller-elf/lib/cmm/short-doubles\libm.a(k_sincosf.o)
 .data          0x00004710       0x20 c:/program files (x86)/simpleide/propeller-gcc/bin/../lib/gcc/propeller-elf/4.6.1/../../../../propeller-elf/lib/cmm/short-doubles\libm.a(e_expf.o)
 .data          0x00004730      0x398 c:/program files (x86)/simpleide/propeller-gcc/bin/../lib/gcc/propeller-elf/4.6.1/../../../../propeller-elf/lib/cmm/short-doubles\libm.a(e_rem_pio2f.o)
 .data          0x00004ac8       0x40 c:/program files (x86)/simpleide/propeller-gcc/bin/../lib/gcc/propeller-elf/4.6.1/../../../../propeller-elf/lib/cmm/short-doubles\libm.a(k_rem_pio2f.o)
 .data          0x00004b08       0x10 c:/program files (x86)/simpleide/propeller-gcc/bin/../lib/gcc/propeller-elf/4.6.1/../../../../propeller-elf/lib/cmm/short-doubles\libm.a(s_scalbnf.o)
 .data          0x00004b18       0x14 D:/Files/Documents/Cansat/Code/SimpleIDE/Learn/Simple Libraries/TextDevices/libsimpletext/cmm/\libsimpletext.a(dosput.o)
 .data          0x00004b2c       0x18 D:/Files/Documents/Cansat/Code/SimpleIDE/Learn/Simple Libraries/TextDevices/libsimpletext/cmm/\libsimpletext.a(floatToString.o)
 .data          0x00004b44       0xe0 D:/Files/Documents/Cansat/Code/SimpleIDE/Learn/Simple Libraries/Motor/libservo/cmm/\libservo.a(servo.o)
 .data          0x00004c24       0x10 c:/program files (x86)/simpleide/propeller-gcc/bin/../lib/gcc/propeller-elf/4.6.1/../../../../propeller-elf/lib/cmm/short-doubles\libc.a(malloc.o)
                0x00004c24                __hub_malloc_heap
                0x00004c2c                __malloc_heap
 .data          0x00004c34       0x84 c:/program files (x86)/simpleide/propeller-gcc/bin/../lib/gcc/propeller-elf/4.6.1/../../../../propeller-elf/lib/cmm/short-doubles\libc.a(ctype.o)
                0x00004c34                ___ctype
 .data          0x00004cb8        0x4 c:/program files (x86)/simpleide/propeller-gcc/bin/../lib/gcc/propeller-elf/4.6.1/../../../../propeller-elf/lib/cmm/short-doubles\libc.a(sbrk.o)
                0x00004cb8                __heap_base
 *(.data*)
 .data.row_offset
                0x00004cbc       0x14 C:\Users\Jonas\AppData\Local\Temp\ccebsUjB.o
                0x00004cbc                _row_offset
 .data.row_keyboard_offset
                0x00004cd0        0x4 C:\Users\Jonas\AppData\Local\Temp\ccebsUjB.o
                0x00004cd0                _row_keyboard_offset
 .data.y_yes_press
                0x00004cd4        0x4 C:\Users\Jonas\AppData\Local\Temp\ccebsUjB.o
                0x00004cd4                _y_yes_press
 .data.y_no_press
                0x00004cd8        0x4 C:\Users\Jonas\AppData\Local\Temp\ccebsUjB.o
                0x00004cd8                _y_no_press
 .data.ctr_offset
                0x00004cdc        0x4 C:\Users\Jonas\AppData\Local\Temp\ccebsUjB.o
                0x00004cdc                _ctr_offset
 .data.key_size
                0x00004ce0        0x4 C:\Users\Jonas\AppData\Local\Temp\ccebsUjB.o
                0x00004ce0                _key_size
 .data.robot_height
                0x00004ce4        0x4 C:\Users\Jonas\AppData\Local\Temp\ccebsUjB.o
                0x00004ce4                _robot_height
 .data.l2       0x00004ce8        0x4 C:\Users\Jonas\AppData\Local\Temp\ccebsUjB.o
                0x00004ce8                _l2
 .data.l1       0x00004cec        0x4 C:\Users\Jonas\AppData\Local\Temp\ccebsUjB.o
                0x00004cec                _l1
 *(.rodata)
 *(.rodata*)
 *(.gnu.linkonce.d*)
                0x00004cf0                PROVIDE (__C_LOCK, .)
                0x00004cf0        0x4 LONG 0x0

.ctors          0x00004cf4        0xc
 *(.ctors*)
 .ctors         0x00004cf4        0x4 D:/Files/Documents/Cansat/Code/SimpleIDE/Learn/Simple Libraries/Utility/libsimpletools/cmm/\libsimpletools.a(timeTicks.o)
 .ctors         0x00004cf8        0x4 D:/Files/Documents/Cansat/Code/SimpleIDE/Learn/Simple Libraries/TextDevices/libsimpletext/cmm/\libsimpletext.a(simpleterm.o)
 .ctors         0x00004cfc        0x4 c:/program files (x86)/simpleide/propeller-gcc/bin/../lib/gcc/propeller-elf/4.6.1/cmm/short-doubles/_crtend.o
                0x00004cfc                __argv
                0x00004cfc                __environ

.dtors          0x00004d00        0x4
 *(.dtors*)
 .dtors         0x00004d00        0x4 c:/program files (x86)/simpleide/propeller-gcc/bin/../lib/gcc/propeller-elf/4.6.1/cmm/short-doubles/_crtend.o

.data           0x00004d04        0x0
                0x00004d04                . = ALIGN (0x4)

.bss            0x00004d04     0x1e30
                0x00004d04                PROVIDE (__bss_start, .)
 *(.bss)
 .bss           0x00004d04        0x8 cmm/motor.o
                0x00004d04                _kd_vel_strength
                0x00004d08                _kp_vel_strength
 .bss           0x00004d0c      0x180 D:/Files/Documents/Cansat/Code/SimpleIDE/Learn/Simple Libraries/Utility/libsimpletools/cmm/\libsimpletools.a(pwm.o)
 .bss           0x00004e8c       0x20 D:/Files/Documents/Cansat/Code/SimpleIDE/Learn/Simple Libraries/TextDevices/libsimpletext/cmm/\libsimpletext.a(dosput.o)
 .bss           0x00004eac      0x128 D:/Files/Documents/Cansat/Code/SimpleIDE/Learn/Simple Libraries/Motor/libservo/cmm/\libservo.a(servo.o)
 .bss           0x00004fd4        0x4 c:/program files (x86)/simpleide/propeller-gcc/bin/../lib/gcc/propeller-elf/4.6.1/../../../../propeller-elf/lib/cmm/short-doubles\libc.a(malloc.o)
 .bss           0x00004fd8       0xa8 c:/program files (x86)/simpleide/propeller-gcc/bin/../lib/gcc/propeller-elf/4.6.1/../../../../propeller-elf/lib/cmm/short-doubles\libc.a(thread.o)
                0x00004fd8                ___napuntil_ptr
 *(.bss*)
 .bss.col_keyboard_offset
                0x00005080        0x4 C:\Users\Jonas\AppData\Local\Temp\ccebsUjB.o
                0x00005080                _col_keyboard_offset
 *(COMMON)
 COMMON         0x00005084      0xe10 cmm/keyboard.o
                0x00005084                _keyswitch_values
 COMMON         0x00005e94      0x640 cmm/decoder.o
                0x00005e94                _STACK1
 COMMON         0x000064d4      0x640 cmm/motor.o
                0x000064d4                _STACK2
 COMMON         0x00006b14        0x4 C:\Users\Jonas\AppData\Local\Temp\ccebsUjB.o
                0x00006b14                _motor_col
 COMMON         0x00006b18       0x1c D:/Files/Documents/Cansat/Code/SimpleIDE/Learn/Simple Libraries/Utility/libsimpletools/cmm/\libsimpletools.a(timeTicks.o)
                0x00006b18                _st_iodt
                0x00006b1c                _us
                0x00006b20                _st_usTicks
                0x00006b24                _ms
                0x00006b28                _st_timeout
                0x00006b2c                _st_pauseTicks
                0x00006b30                _st_msTicks
                0x00006b34                PROVIDE (__bss_end, .)

.hub_heap       0x00006b34        0x4
                0x00006b38                . = (. + 0x4)
 *fill*         0x00006b34        0x4 00
                0x00006b34                ___hub_heap_start = ADDR (.hub_heap)

.drivers
 *(.drivers)
                0x00000020                __load_start_kernel = LOADADDR (.lmmkernel)
                0x00004cf4                ___CTOR_LIST__ = ADDR (.ctors)
                0x00004d00                ___DTOR_LIST__ = ADDR (.dtors)

.hash
 *(.hash)

.dynsym
 *(.dynsym)

.dynstr
 *(.dynstr)

.gnu.version
 *(.gnu.version)

.gnu.version_d
 *(.gnu.version_d)

.gnu.version_r
 *(.gnu.version_r)

.rel.init
 *(.rel.init)

.rela.init
 *(.rela.init)

.rel.text
 *(.rel.text)
 *(.rel.text.*)
 *(.rel.gnu.linkonce.t*)

.rela.text
 *(.rela.text)
 *(.rela.text.*)
 *(.rela.gnu.linkonce.t*)

.rel.fini
 *(.rel.fini)

.rela.fini
 *(.rela.fini)

.rel.rodata
 *(.rel.rodata)
 *(.rel.rodata.*)
 *(.rel.gnu.linkonce.r*)

.rela.rodata
 *(.rela.rodata)
 *(.rela.rodata.*)
 *(.rela.gnu.linkonce.r*)

.rel.data
 *(.rel.data)
 *(.rel.data.*)
 *(.rel.gnu.linkonce.d*)

.rela.data
 *(.rela.data)
 *(.rela.data.*)
 *(.rela.gnu.linkonce.d*)

.rel.ctors
 *(.rel.ctors)

.rela.ctors
 *(.rela.ctors)

.rel.dtors
 *(.rel.dtors)

.rela.dtors
 *(.rela.dtors)

.rel.got
 *(.rel.got)

.rela.got
 *(.rela.got)

.rel.bss
 *(.rel.bss)

.rela.bss
 *(.rela.bss)

.rel.plt
 *(.rel.plt)

.rela.plt
 *(.rela.plt)

.stab
 *(.stab)

.stabstr
 *(.stabstr)

.stab.excl
 *(.stab.excl)

.stab.exclstr
 *(.stab.exclstr)

.stab.index
 *(.stab.index)

.stab.indexstr
 *(.stab.indexstr)

.comment
 *(.comment)

.debug
 *(.debug)

.line
 *(.line)

.debug_srcinfo
 *(.debug_srcinfo .zdebug_srcinfo)

.debug_sfnames
 *(.debug_sfnames .zdebug_sfnames)

.debug_aranges  0x00000000      0x160
 *(.debug_aranges .zdebug_aranges)
 .debug_aranges
                0x00000000       0x20 c:/program files (x86)/simpleide/propeller-gcc/bin/../lib/gcc/propeller-elf/4.6.1/cmm/short-doubles\libgcc.a(addsf3.o)
 .debug_aranges
                0x00000020       0x20 c:/program files (x86)/simpleide/propeller-gcc/bin/../lib/gcc/propeller-elf/4.6.1/cmm/short-doubles\libgcc.a(divsf3.o)
 .debug_aranges
                0x00000040       0x20 c:/program files (x86)/simpleide/propeller-gcc/bin/../lib/gcc/propeller-elf/4.6.1/cmm/short-doubles\libgcc.a(eqsf2.o)
 .debug_aranges
                0x00000060       0x20 c:/program files (x86)/simpleide/propeller-gcc/bin/../lib/gcc/propeller-elf/4.6.1/cmm/short-doubles\libgcc.a(gesf2.o)
 .debug_aranges
                0x00000080       0x20 c:/program files (x86)/simpleide/propeller-gcc/bin/../lib/gcc/propeller-elf/4.6.1/cmm/short-doubles\libgcc.a(lesf2.o)
 .debug_aranges
                0x000000a0       0x20 c:/program files (x86)/simpleide/propeller-gcc/bin/../lib/gcc/propeller-elf/4.6.1/cmm/short-doubles\libgcc.a(mulsf3.o)
 .debug_aranges
                0x000000c0       0x20 c:/program files (x86)/simpleide/propeller-gcc/bin/../lib/gcc/propeller-elf/4.6.1/cmm/short-doubles\libgcc.a(subsf3.o)
 .debug_aranges
                0x000000e0       0x20 c:/program files (x86)/simpleide/propeller-gcc/bin/../lib/gcc/propeller-elf/4.6.1/cmm/short-doubles\libgcc.a(fixsfsi.o)
 .debug_aranges
                0x00000100       0x20 c:/program files (x86)/simpleide/propeller-gcc/bin/../lib/gcc/propeller-elf/4.6.1/cmm/short-doubles\libgcc.a(fixunssfsi.o)
 .debug_aranges
                0x00000120       0x20 c:/program files (x86)/simpleide/propeller-gcc/bin/../lib/gcc/propeller-elf/4.6.1/cmm/short-doubles\libgcc.a(floatsisf.o)
 .debug_aranges
                0x00000140       0x20 c:/program files (x86)/simpleide/propeller-gcc/bin/../lib/gcc/propeller-elf/4.6.1/cmm/short-doubles\libgcc.a(floatunsisf.o)

.debug_pubnames
 *(.debug_pubnames .zdebug_pubnames)

.debug_info     0x00000000     0x22af
 *(.debug_info .gnu.linkonce.wi.* .zdebug_info)
 .debug_info    0x00000000      0x3cb c:/program files (x86)/simpleide/propeller-gcc/bin/../lib/gcc/propeller-elf/4.6.1/cmm/short-doubles\libgcc.a(addsf3.o)
 .debug_info    0x000003cb      0x3a4 c:/program files (x86)/simpleide/propeller-gcc/bin/../lib/gcc/propeller-elf/4.6.1/cmm/short-doubles\libgcc.a(divsf3.o)
 .debug_info    0x0000076f      0x2ce c:/program files (x86)/simpleide/propeller-gcc/bin/../lib/gcc/propeller-elf/4.6.1/cmm/short-doubles\libgcc.a(eqsf2.o)
 .debug_info    0x00000a3d      0x306 c:/program files (x86)/simpleide/propeller-gcc/bin/../lib/gcc/propeller-elf/4.6.1/cmm/short-doubles\libgcc.a(gesf2.o)
 .debug_info    0x00000d43      0x306 c:/program files (x86)/simpleide/propeller-gcc/bin/../lib/gcc/propeller-elf/4.6.1/cmm/short-doubles\libgcc.a(lesf2.o)
 .debug_info    0x00001049      0x40b c:/program files (x86)/simpleide/propeller-gcc/bin/../lib/gcc/propeller-elf/4.6.1/cmm/short-doubles\libgcc.a(mulsf3.o)
 .debug_info    0x00001454      0x3cd c:/program files (x86)/simpleide/propeller-gcc/bin/../lib/gcc/propeller-elf/4.6.1/cmm/short-doubles\libgcc.a(subsf3.o)
 .debug_info    0x00001821      0x292 c:/program files (x86)/simpleide/propeller-gcc/bin/../lib/gcc/propeller-elf/4.6.1/cmm/short-doubles\libgcc.a(fixsfsi.o)
 .debug_info    0x00001ab3      0x286 c:/program files (x86)/simpleide/propeller-gcc/bin/../lib/gcc/propeller-elf/4.6.1/cmm/short-doubles\libgcc.a(fixunssfsi.o)
 .debug_info    0x00001d39      0x2bf c:/program files (x86)/simpleide/propeller-gcc/bin/../lib/gcc/propeller-elf/4.6.1/cmm/short-doubles\libgcc.a(floatsisf.o)
 .debug_info    0x00001ff8      0x2b7 c:/program files (x86)/simpleide/propeller-gcc/bin/../lib/gcc/propeller-elf/4.6.1/cmm/short-doubles\libgcc.a(floatunsisf.o)

.debug_abbrev   0x00000000      0x9c6
 *(.debug_abbrev .zdebug_abbrev)
 .debug_abbrev  0x00000000       0xeb c:/program files (x86)/simpleide/propeller-gcc/bin/../lib/gcc/propeller-elf/4.6.1/cmm/short-doubles\libgcc.a(addsf3.o)
 .debug_abbrev  0x000000eb       0xe9 c:/program files (x86)/simpleide/propeller-gcc/bin/../lib/gcc/propeller-elf/4.6.1/cmm/short-doubles\libgcc.a(divsf3.o)
 .debug_abbrev  0x000001d4       0xdc c:/program files (x86)/simpleide/propeller-gcc/bin/../lib/gcc/propeller-elf/4.6.1/cmm/short-doubles\libgcc.a(eqsf2.o)
 .debug_abbrev  0x000002b0       0xdc c:/program files (x86)/simpleide/propeller-gcc/bin/../lib/gcc/propeller-elf/4.6.1/cmm/short-doubles\libgcc.a(gesf2.o)
 .debug_abbrev  0x0000038c       0xdc c:/program files (x86)/simpleide/propeller-gcc/bin/../lib/gcc/propeller-elf/4.6.1/cmm/short-doubles\libgcc.a(lesf2.o)
 .debug_abbrev  0x00000468       0xf0 c:/program files (x86)/simpleide/propeller-gcc/bin/../lib/gcc/propeller-elf/4.6.1/cmm/short-doubles\libgcc.a(mulsf3.o)
 .debug_abbrev  0x00000558       0xeb c:/program files (x86)/simpleide/propeller-gcc/bin/../lib/gcc/propeller-elf/4.6.1/cmm/short-doubles\libgcc.a(subsf3.o)
 .debug_abbrev  0x00000643       0xdc c:/program files (x86)/simpleide/propeller-gcc/bin/../lib/gcc/propeller-elf/4.6.1/cmm/short-doubles\libgcc.a(fixsfsi.o)
 .debug_abbrev  0x0000071f       0xcd c:/program files (x86)/simpleide/propeller-gcc/bin/../lib/gcc/propeller-elf/4.6.1/cmm/short-doubles\libgcc.a(fixunssfsi.o)
 .debug_abbrev  0x000007ec       0xed c:/program files (x86)/simpleide/propeller-gcc/bin/../lib/gcc/propeller-elf/4.6.1/cmm/short-doubles\libgcc.a(floatsisf.o)
 .debug_abbrev  0x000008d9       0xed c:/program files (x86)/simpleide/propeller-gcc/bin/../lib/gcc/propeller-elf/4.6.1/cmm/short-doubles\libgcc.a(floatunsisf.o)

.debug_line     0x00000000      0xcbf
 *(.debug_line .zdebug_line)
 .debug_line    0x00000000      0x276 c:/program files (x86)/simpleide/propeller-gcc/bin/../lib/gcc/propeller-elf/4.6.1/cmm/short-doubles\libgcc.a(addsf3.o)
 .debug_line    0x00000276      0x11b c:/program files (x86)/simpleide/propeller-gcc/bin/../lib/gcc/propeller-elf/4.6.1/cmm/short-doubles\libgcc.a(divsf3.o)
 .debug_line    0x00000391       0xc4 c:/program files (x86)/simpleide/propeller-gcc/bin/../lib/gcc/propeller-elf/4.6.1/cmm/short-doubles\libgcc.a(eqsf2.o)
 .debug_line    0x00000455       0xe9 c:/program files (x86)/simpleide/propeller-gcc/bin/../lib/gcc/propeller-elf/4.6.1/cmm/short-doubles\libgcc.a(gesf2.o)
 .debug_line    0x0000053e       0xe9 c:/program files (x86)/simpleide/propeller-gcc/bin/../lib/gcc/propeller-elf/4.6.1/cmm/short-doubles\libgcc.a(lesf2.o)
 .debug_line    0x00000627      0x129 c:/program files (x86)/simpleide/propeller-gcc/bin/../lib/gcc/propeller-elf/4.6.1/cmm/short-doubles\libgcc.a(mulsf3.o)
 .debug_line    0x00000750      0x28d c:/program files (x86)/simpleide/propeller-gcc/bin/../lib/gcc/propeller-elf/4.6.1/cmm/short-doubles\libgcc.a(subsf3.o)
 .debug_line    0x000009dd       0xaa c:/program files (x86)/simpleide/propeller-gcc/bin/../lib/gcc/propeller-elf/4.6.1/cmm/short-doubles\libgcc.a(fixsfsi.o)
 .debug_line    0x00000a87       0xad c:/program files (x86)/simpleide/propeller-gcc/bin/../lib/gcc/propeller-elf/4.6.1/cmm/short-doubles\libgcc.a(fixunssfsi.o)
 .debug_line    0x00000b34       0xc5 c:/program files (x86)/simpleide/propeller-gcc/bin/../lib/gcc/propeller-elf/4.6.1/cmm/short-doubles\libgcc.a(floatsisf.o)
 .debug_line    0x00000bf9       0xc6 c:/program files (x86)/simpleide/propeller-gcc/bin/../lib/gcc/propeller-elf/4.6.1/cmm/short-doubles\libgcc.a(floatunsisf.o)

.debug_frame    0x00000000      0x1a4
 *(.debug_frame .zdebug_frame)
 .debug_frame   0x00000000       0x24 c:/program files (x86)/simpleide/propeller-gcc/bin/../lib/gcc/propeller-elf/4.6.1/cmm/short-doubles\libgcc.a(addsf3.o)
 .debug_frame   0x00000024       0x30 c:/program files (x86)/simpleide/propeller-gcc/bin/../lib/gcc/propeller-elf/4.6.1/cmm/short-doubles\libgcc.a(divsf3.o)
 .debug_frame   0x00000054       0x24 c:/program files (x86)/simpleide/propeller-gcc/bin/../lib/gcc/propeller-elf/4.6.1/cmm/short-doubles\libgcc.a(eqsf2.o)
 .debug_frame   0x00000078       0x24 c:/program files (x86)/simpleide/propeller-gcc/bin/../lib/gcc/propeller-elf/4.6.1/cmm/short-doubles\libgcc.a(gesf2.o)
 .debug_frame   0x0000009c       0x24 c:/program files (x86)/simpleide/propeller-gcc/bin/../lib/gcc/propeller-elf/4.6.1/cmm/short-doubles\libgcc.a(lesf2.o)
 .debug_frame   0x000000c0       0x30 c:/program files (x86)/simpleide/propeller-gcc/bin/../lib/gcc/propeller-elf/4.6.1/cmm/short-doubles\libgcc.a(mulsf3.o)
 .debug_frame   0x000000f0       0x24 c:/program files (x86)/simpleide/propeller-gcc/bin/../lib/gcc/propeller-elf/4.6.1/cmm/short-doubles\libgcc.a(subsf3.o)
 .debug_frame   0x00000114       0x24 c:/program files (x86)/simpleide/propeller-gcc/bin/../lib/gcc/propeller-elf/4.6.1/cmm/short-doubles\libgcc.a(fixsfsi.o)
 .debug_frame   0x00000138       0x24 c:/program files (x86)/simpleide/propeller-gcc/bin/../lib/gcc/propeller-elf/4.6.1/cmm/short-doubles\libgcc.a(fixunssfsi.o)
 .debug_frame   0x0000015c       0x24 c:/program files (x86)/simpleide/propeller-gcc/bin/../lib/gcc/propeller-elf/4.6.1/cmm/short-doubles\libgcc.a(floatsisf.o)
 .debug_frame   0x00000180       0x24 c:/program files (x86)/simpleide/propeller-gcc/bin/../lib/gcc/propeller-elf/4.6.1/cmm/short-doubles\libgcc.a(floatunsisf.o)

.debug_str
 *(.debug_str .zdebug_str)

.debug_loc      0x00000000     0x1d98
 *(.debug_loc .zdebug_loc)
 .debug_loc     0x00000000      0x6f4 c:/program files (x86)/simpleide/propeller-gcc/bin/../lib/gcc/propeller-elf/4.6.1/cmm/short-doubles\libgcc.a(addsf3.o)
 .debug_loc     0x000006f4      0x4d1 c:/program files (x86)/simpleide/propeller-gcc/bin/../lib/gcc/propeller-elf/4.6.1/cmm/short-doubles\libgcc.a(divsf3.o)
 .debug_loc     0x00000bc5       0x95 c:/program files (x86)/simpleide/propeller-gcc/bin/../lib/gcc/propeller-elf/4.6.1/cmm/short-doubles\libgcc.a(eqsf2.o)
 .debug_loc     0x00000c5a       0xe1 c:/program files (x86)/simpleide/propeller-gcc/bin/../lib/gcc/propeller-elf/4.6.1/cmm/short-doubles\libgcc.a(gesf2.o)
 .debug_loc     0x00000d3b       0xe1 c:/program files (x86)/simpleide/propeller-gcc/bin/../lib/gcc/propeller-elf/4.6.1/cmm/short-doubles\libgcc.a(lesf2.o)
 .debug_loc     0x00000e1c      0x560 c:/program files (x86)/simpleide/propeller-gcc/bin/../lib/gcc/propeller-elf/4.6.1/cmm/short-doubles\libgcc.a(mulsf3.o)
 .debug_loc     0x0000137c      0x6b5 c:/program files (x86)/simpleide/propeller-gcc/bin/../lib/gcc/propeller-elf/4.6.1/cmm/short-doubles\libgcc.a(subsf3.o)
 .debug_loc     0x00001a31       0xa9 c:/program files (x86)/simpleide/propeller-gcc/bin/../lib/gcc/propeller-elf/4.6.1/cmm/short-doubles\libgcc.a(fixsfsi.o)
 .debug_loc     0x00001ada       0xbf c:/program files (x86)/simpleide/propeller-gcc/bin/../lib/gcc/propeller-elf/4.6.1/cmm/short-doubles\libgcc.a(fixunssfsi.o)
 .debug_loc     0x00001b99       0xfa c:/program files (x86)/simpleide/propeller-gcc/bin/../lib/gcc/propeller-elf/4.6.1/cmm/short-doubles\libgcc.a(floatsisf.o)
 .debug_loc     0x00001c93      0x105 c:/program files (x86)/simpleide/propeller-gcc/bin/../lib/gcc/propeller-elf/4.6.1/cmm/short-doubles\libgcc.a(floatunsisf.o)

.debug_macinfo
 *(.debug_macinfo .zdebug_macinfo)
                0x000007c0                PROVIDE (par, PAR)
                0x000007c4                PROVIDE (cnt, CNT)
                0x000007c8                PROVIDE (ina, INA)
                0x000007cc                PROVIDE (inb, INB)
                0x000007d0                PROVIDE (outa, OUTA)
                0x000007d4                PROVIDE (outb, OUTB)
                0x000007d8                PROVIDE (dira, DIRA)
                0x000007dc                PROVIDE (dirb, DIRB)
                0x000007e0                PROVIDE (ctra, CTRA)
                0x000007e4                PROVIDE (ctrb, CTRB)
                0x000007e8                PROVIDE (frqa, FRQA)
                0x000007ec                PROVIDE (frqb, FRQB)
                0x000007f0                PROVIDE (phsa, PHSA)
                0x000007f4                PROVIDE (phsb, PHSB)
                0x000007f8                PROVIDE (vcfg, VCFG)
                0x000007fc                PROVIDE (vscl, VSCL)
                0x00006b44                PROVIDE (__hub_end, (ADDR (.hub_heap) + 0x10))
                0x00008000                PROVIDE (__stack_end, 0x8000)
OUTPUT(cmm/robotarmprojekt.elf elf32-propeller)

.debug_ranges   0x00000000      0x350
 .debug_ranges  0x00000000       0x78 c:/program files (x86)/simpleide/propeller-gcc/bin/../lib/gcc/propeller-elf/4.6.1/cmm/short-doubles\libgcc.a(addsf3.o)
 .debug_ranges  0x00000078       0x58 c:/program files (x86)/simpleide/propeller-gcc/bin/../lib/gcc/propeller-elf/4.6.1/cmm/short-doubles\libgcc.a(divsf3.o)
 .debug_ranges  0x000000d0       0x48 c:/program files (x86)/simpleide/propeller-gcc/bin/../lib/gcc/propeller-elf/4.6.1/cmm/short-doubles\libgcc.a(eqsf2.o)
 .debug_ranges  0x00000118       0x68 c:/program files (x86)/simpleide/propeller-gcc/bin/../lib/gcc/propeller-elf/4.6.1/cmm/short-doubles\libgcc.a(gesf2.o)
 .debug_ranges  0x00000180       0x68 c:/program files (x86)/simpleide/propeller-gcc/bin/../lib/gcc/propeller-elf/4.6.1/cmm/short-doubles\libgcc.a(lesf2.o)
 .debug_ranges  0x000001e8       0x78 c:/program files (x86)/simpleide/propeller-gcc/bin/../lib/gcc/propeller-elf/4.6.1/cmm/short-doubles\libgcc.a(mulsf3.o)
 .debug_ranges  0x00000260       0x80 c:/program files (x86)/simpleide/propeller-gcc/bin/../lib/gcc/propeller-elf/4.6.1/cmm/short-doubles\libgcc.a(subsf3.o)
 .debug_ranges  0x000002e0       0x38 c:/program files (x86)/simpleide/propeller-gcc/bin/../lib/gcc/propeller-elf/4.6.1/cmm/short-doubles\libgcc.a(fixsfsi.o)
 .debug_ranges  0x00000318       0x38 c:/program files (x86)/simpleide/propeller-gcc/bin/../lib/gcc/propeller-elf/4.6.1/cmm/short-doubles\libgcc.a(fixunssfsi.o)
